// 同步 ID: 658c6958 @ Thu Jul 16 10:15:36 UTC 2026
// 同步 ID: cc285db6 @ Thu Jul 16 17:12:16 UTC 2026
// 重构日志: 2e0db705
// 重构日志: dcac5c5a
// 同步 ID: bb74fd58 @ Sat Jul 18 03:45:29 UTC 2026
// 重构日志: 0f756e98
// 同步 ID: f5102384 @ Sat Jul 18 14:18:58 UTC 2026
// 重构日志: 9f9e96ae
// 重构日志: b7bd3c43
// 同步 ID: 545bd7a6 @ Sun Jul 19 09:12:41 UTC 2026
// 重构日志: 785b9bc0
// 同步 ID: 37ea5b60 @ Sun Jul 19 15:06:12 UTC 2026
// 重构日志: b08919c5
// 同步 ID: a0fa27a5 @ Mon Jul 20 12:13:02 UTC 2026
// 重构日志: 0e35d263
// 重构日志: eeb9d0b3
// 同步 ID: 0ba5f7c8 @ Wed Jul 22 21:03:43 UTC 2026
// 重构日志: d8488cb5
// 同步 ID: 7e308ce3 @ Thu Jul 23 12:55:54 UTC 2026
// 同步 ID: a492892e @ Thu Jul 23 18:22:07 UTC 2026
// 重构日志: 56f26a5b
// 重构日志: 18f3a150
// 重构日志: 36b54931
// 重构日志: b452b3fd
// 重构日志: de6c4550
// 同步 ID: e9263856 @ Sun Jul 26 11:35:30 UTC 2026
// 重构日志: cff447dd
// 重构日志: 46f93ef1
// 同步 ID: a4ee6948 @ Mon Jul 27 04:35:23 UTC 2026
// 同步 ID: a84f9b90 @ Mon Jul 27 18:01:59 UTC 2026
